
> vite-react-typescript-starter@0.0.0 build
> vite build

vite v5.4.21 building for production...
transforming...

warn - The class `ease-[cubic-bezier(0.32,0.72,0,1)]` is ambiguous and matches multiple utilities.
warn - If this is content and not a class, replace it with `ease-&lsqb;cubic-bezier(0.32,0.72,0,1)&rsqb;` to silence this warning.
node_modules/gantt-task-react/dist/index.modern.js (1012:24): A comment

"/*#__PURE__*/"

in "node_modules/gantt-task-react/dist/index.modern.js" contains an annotation that Rollup cannot interpret due to the position of the comment. The comment will be removed to avoid issues.
node_modules/gantt-task-react/dist/index.modern.js (1014:29): A comment

"/*#__PURE__*/"

in "node_modules/gantt-task-react/dist/index.modern.js" contains an annotation that Rollup cannot interpret due to the position of the comment. The comment will be removed to avoid issues.
✓ 5452 modules transformed.
x Build failed in 13.47s
error during build:
[vite]: Rollup failed to resolve import "reactflow" from "/Users/hilmiduru/Documents/Sentinel v3.0 Cursor/sentinel_v3.0/src/widgets/DigitalTwinViewer/index.tsx".
This is most likely unintended because it can break your application at runtime.
If you do want to externalize this module explicitly add it to
`build.rollupOptions.external`
    at viteWarn (file:///Users/hilmiduru/Documents/Sentinel%20v3.0%20Cursor/sentinel_v3.0/node_modules/vite/dist/node/chunks/dep-BK3b2jBa.js:65855:17)
    at onwarn (file:///Users/hilmiduru/Documents/Sentinel%20v3.0%20Cursor/sentinel_v3.0/node_modules/@vitejs/plugin-react/dist/index.js:90:7)
    at onRollupWarning (file:///Users/hilmiduru/Documents/Sentinel%20v3.0%20Cursor/sentinel_v3.0/node_modules/vite/dist/node/chunks/dep-BK3b2jBa.js:65885:5)
    at onwarn (file:///Users/hilmiduru/Documents/Sentinel%20v3.0%20Cursor/sentinel_v3.0/node_modules/vite/dist/node/chunks/dep-BK3b2jBa.js:65550:7)
    at file:///Users/hilmiduru/Documents/Sentinel%20v3.0%20Cursor/sentinel_v3.0/node_modules/rollup/dist/es/shared/node-entry.js:20972:13
    at Object.logger [as onLog] (file:///Users/hilmiduru/Documents/Sentinel%20v3.0%20Cursor/sentinel_v3.0/node_modules/rollup/dist/es/shared/node-entry.js:22945:9)
    at ModuleLoader.handleInvalidResolvedId (file:///Users/hilmiduru/Documents/Sentinel%20v3.0%20Cursor/sentinel_v3.0/node_modules/rollup/dist/es/shared/node-entry.js:21689:26)
    at file:///Users/hilmiduru/Documents/Sentinel%20v3.0%20Cursor/sentinel_v3.0/node_modules/rollup/dist/es/shared/node-entry.js:21647:26
